src/test/widget_perf/widgets.h:20:20:panel_widget_test	96	static
src/test/widget_perf/widgets.h:33:20:button_widget_test_1	32	static
src/test/widget_perf/widgets.h:42:20:button_widget_test_2	96	static
src/test/widget_perf/widgets.h:54:20:button_widget_test_3	96	static
src/test/widget_perf/widgets.h:69:20:button_widget_test_4	96	static
src/test/widget_perf/widgets.h:89:20:label_widget_test_1	32	static
src/test/widget_perf/widgets.h:98:20:label_widget_test_2	96	static
src/test/widget_perf/widgets.h:110:20:label_widget_test_3	96	static
src/test/widget_perf/widgets.h:125:20:label_widget_test_4	96	static
src/test/widget_perf/widgets.h:145:20:label_widget_test_5	96	static
src/test/widget_perf/primitives.h:18:20:panel_primitive_test	64	static
src/test/widget_perf/primitives.h:33:20:button_primitive_test_1	128	static
src/test/widget_perf/primitives.h:70:20:label_primitive_test_1	128	static
src/test/widget_perf/primitives.h:94:20:label_primitive_test_2	128	static
src/test/widget_perf/primitives.h:118:20:label_primitive_test_3	128	static
src/test/widget_perf/primitives.h:147:20:label_primitive_test_5	80	static
src/test/widget_perf/primitives.h:66:20:button_primitive_test_4	192	static
src/test/widget_perf/primitives.h:58:20:button_primitive_test_2	192	static
src/test/widget_perf/primitives.h:143:20:label_primitive_test_4	192	static
src/test/widget_perf/primitives.h:62:20:button_primitive_test_3	192	static
src/test/widget_perf/widgets.h:5:20:widget_test_init	48	static
src/test/widget_perf/widgets.h:16:20:widget_test_cleanup	16	static
src/test/widget_perf/primitives.h:5:21:primitive_test_init	48	static
src/test/widget_perf/primitives.h:14:20:primitive_test_cleanup	64	static
src/test/widget_perf/bitmaps.h:5:21:bitmap_test_init	48	static
src/test/widget_perf/bitmaps.h:14:20:bitmap_test_cleanup	64	static
src/test/widget_perf/bitmaps.h:18:20:bitmap_test	32	dynamic
src/test/widget_perf/bitmaps.h:27:13:bitmap_test_2	32	static
src/test/widget_perf/mem_test.c:23:5:main	480	dynamic
